Items that could not be automatically corrected
============================================================

[title] 'Blue Orchid  (Live)': user declined automatic correction
[title] 'Care of Cell 44': user declined automatic correction
[title] 'Castles Made of Sand': user declined automatic correction
[title] 'Couple Days Off': user declined automatic correction
[title] 'Deadcrush (Alchemist x Trooko Version)': user declined automatic correction
[title] "Don't Feel Quite Right": user declined automatic correction
[title] 'Emotionless': user declined automatic correction
[title] 'Engine No. 9': user declined automatic correction
[title] 'Famous Prophets (Stars)': user declined automatic correction
[title] 'Fragments of Time': user declined automatic correction
[title] 'Garden of England': user declined automatic correction
[title] 'Gimme! Gimme! Gimme! (A Man After Midnight)': user declined automatic correction
[title] 'Girls & Boys': user declined automatic correction
[title] 'Habibi': no matching Last.fm entry found
[title] 'Hold On': user declined automatic correction
[title] 'House of the Rising Sun': user declined automatic correction
[title] 'How Bizarre': user declined automatic correction
[title] 'Immigrant Song': user declined automatic correction
[title] 'I Want To Hold Your Hand': user declined automatic correction
[title] 'I Want You Back': user declined automatic correction
[title] 'I Want You Still': user declined automatic correction
[title] 'Let Me Down': no matching Last.fm entry found
[title] 'Little Miss Lover': user declined automatic correction
[title] 'Lose Yourself to Dance': user declined automatic correction
[album] 'Apple': no matching Last.fm entry found
[title] 'Mellowship Slinky in B Major': user declined automatic correction
[title] 'Minus Blindfold': user declined automatic correction
[title] 'Mother Teresa': user declined automatic correction
[title] 'Move It On Over (live)': user declined automatic correction
[title] "Movin' On": user declined automatic correction
[album] 'Anthology': no matching Last.fm entry found
[title] 'Needles and Pins': user declined automatic correction
[title] 'Never Going Back Again': user declined automatic correction
[title] 'Nosebleed': user declined automatic correction
[title] 'Not So Different': user declined automatic correction
[title] 'Ob-La-Di, Ob-La-Da': user declined automatic correction
[title] 'One Bourbon, One Scotch, One Beer (live)': user declined automatic correction
[title] 'Ordinary World': user declined automatic correction
[title] 'Out Of The Black': user declined automatic correction
[title] 'Perfect World': user declined automatic correction
[title] 'Pleader (Trooko version)': user declined automatic correction
[title] 'Riot Girl': user declined automatic correction
[album] 'Run way': no matching Last.fm entry found
[title] 'Say Anything': user declined automatic correction
[title] 'Serious': user declined automatic correction
[title] 'Shit Blvd': user declined automatic correction
[title] 'Small World': user declined automatic correction
[title] 'Stairway to Heaven': user declined automatic correction
[title] 'Stuck With You': user declined automatic correction
[title] 'SUNSHOWER': user declined automatic correction
[title] 'The Anthem': user declined automatic correction
[title] 'THE GREAT BAKUNAWA': user declined automatic correction
[title] 'The Heart of Rock and Roll': user declined automatic correction
[title] 'The Sky Is Crying (live)': user declined automatic correction
[title] 'The Sound Of Silence': user declined automatic correction
[title] 'The Winner Takes It All': user declined automatic correction
[title] 'Tie Your Mother Down': user declined automatic correction
[title] 'Train Leaves Here This Morning': user declined automatic correction
[album] 'Singles': no matching Last.fm entry found
