Albums skipped (no Last.fm tags found automatically)
============================================================

Alison Mosshart - Rise
  https://www.last.fm/search?q=Alison+Mosshart+Rise

Ally Nicholas - All Summer Long
  https://www.last.fm/search?q=Ally+Nicholas+All+Summer+Long

Ally Nicholas - Bored
  https://www.last.fm/search?q=Ally+Nicholas+Bored

Ally Nicholas - Bullets
  https://www.last.fm/search?q=Ally+Nicholas+Bullets

Ally Nicholas - Feels Like Dying
  https://www.last.fm/search?q=Ally+Nicholas+Feels+Like+Dying

Ally Nicholas - I Know You Too Well
  https://www.last.fm/search?q=Ally+Nicholas+I+Know+You+Too+Well

Ally Nicholas - Seventeen
  https://www.last.fm/search?q=Ally+Nicholas+Seventeen

Ally Nicholas - Warning Signs
  https://www.last.fm/search?q=Ally+Nicholas+Warning+Signs

Ally Nicholas - Whisper
  https://www.last.fm/search?q=Ally+Nicholas+Whisper

Bad Bad Hats - Psychic Readings
  https://www.last.fm/search?q=Bad+Bad+Hats+Psychic+Readings

Bakar - Halo
  https://www.last.fm/search?q=Bakar+Halo

Billy Connolly; The Humblebums - Humble Beginnings: The Complete Transatlantic Recordings 1969-74
  https://www.last.fm/search?q=Billy+Connolly%3B+The+Humblebums+Humble+Beginnings%3A+The+Complete+Transatlantic+Recordings+1969-74

BoyWithUke - Sick Of U
  https://www.last.fm/search?q=BoyWithUke+Sick+Of+U

Cage the Elephant - Beaches In Tennessee
  https://www.last.fm/search?q=Cage+the+Elephant+Beaches+In+Tennessee

Cake - Arco Arena
  https://www.last.fm/search?q=Cake+Arco+Arena

D1ofaquavibe - The Party Troll
  https://www.last.fm/search?q=D1ofaquavibe+The+Party+Troll

Demob Happy - Autoportrait
  https://www.last.fm/search?q=Demob+Happy+Autoportrait

Demob Happy - Drean Soda
  https://www.last.fm/search?q=Demob+Happy+Drean+Soda

Dexter and The Moonrocks - Freakin' Out
  https://www.last.fm/search?q=Dexter+and+The+Moonrocks+Freakin%27+Out

Dexter and The Moonrocks - Ritalin
  https://www.last.fm/search?q=Dexter+and+The+Moonrocks+Ritalin

Dexter and The Moonrocks - Sad In Carolina
  https://www.last.fm/search?q=Dexter+and+The+Moonrocks+Sad+In+Carolina

Dexter and The Moonrocks - She Likes Girls
  https://www.last.fm/search?q=Dexter+and+The+Moonrocks+She+Likes+Girls

Dinosaur Pile‐Up - Celebrity Mansions
  https://www.last.fm/search?q=Dinosaur+Pile%E2%80%90Up+Celebrity+Mansions

Dogstar - Somewhere Between the Power Lines and Palm Trees
  https://www.last.fm/search?q=Dogstar+Somewhere+Between+the+Power+Lines+and+Palm+Trees

Eels - meet the eels: essential eels
  https://www.last.fm/search?q=Eels+meet+the+eels%3A+essential+eels

F-777 - Pirate Dance Machine
  https://www.last.fm/search?q=F-777+Pirate+Dance+Machine

George Thorogood & The Destroyers - Essential Thorogood
  https://www.last.fm/search?q=George+Thorogood+%26+The+Destroyers+Essential+Thorogood

